// Jest Snapshot v1, https://goo.gl/fbAQLP

exports[`Domain Redirector Intended setup Has consistent snapshot 1`] = `
{
  "Mappings": {
    "AWSCloudFrontPartitionHostedZoneIdMap": {
      "aws": {
        "zoneId": "Z2FDTNDATAQYW2",
      },
      "aws-cn": {
        "zoneId": "Z3RFFRIM2A3IF5",
      },
    },
  },
  "Parameters": {
    "BootstrapVersion": {
      "Default": "/cdk-bootstrap/hnb659fds/version",
      "Description": "Version of the CDK Bootstrap resources in this environment, automatically retrieved from SSM Parameter Store. [cdk:skip]",
      "Type": "AWS::SSM::Parameter::Value<String>",
    },
  },
  "Resources": {
    "HostedZoneDB99F866": {
      "Properties": {
        "Name": "domain.tld.",
      },
      "Type": "AWS::Route53::HostedZone",
    },
    "MyTestConstructBucketC00BBB11": {
      "DeletionPolicy": "Delete",
      "Properties": {
        "BucketEncryption": {
          "ServerSideEncryptionConfiguration": [
            {
              "ServerSideEncryptionByDefault": {
                "SSEAlgorithm": "AES256",
              },
            },
          ],
        },
        "WebsiteConfiguration": {
          "RedirectAllRequestsTo": {
            "HostName": "target.tld",
            "Protocol": "https",
          },
        },
      },
      "Type": "AWS::S3::Bucket",
      "UpdateReplacePolicy": "Delete",
    },
    "MyTestConstructBucketPolicyE5FFA623": {
      "Properties": {
        "Bucket": {
          "Ref": "MyTestConstructBucketC00BBB11",
        },
        "PolicyDocument": {
          "Statement": [
            {
              "Action": "s3:GetObject",
              "Effect": "Allow",
              "Principal": {
                "AWS": "*",
              },
              "Resource": {
                "Fn::Join": [
                  "",
                  [
                    {
                      "Fn::GetAtt": [
                        "MyTestConstructBucketC00BBB11",
                        "Arn",
                      ],
                    },
                    "/*",
                  ],
                ],
              },
            },
          ],
          "Version": "2012-10-17",
        },
      },
      "Type": "AWS::S3::BucketPolicy",
    },
    "MyTestConstructCachePolicy03369574": {
      "Properties": {
        "CachePolicyConfig": {
          "DefaultTTL": 3600,
          "MaxTTL": 31536000,
          "MinTTL": 0,
          "Name": {
            "Fn::Join": [
              "",
              [
                "TestStackMyTestConstructCachePolicyD0D91B2C-",
                {
                  "Ref": "AWS::Region",
                },
              ],
            ],
          },
          "ParametersInCacheKeyAndForwardedToOrigin": {
            "CookiesConfig": {
              "CookieBehavior": "none",
            },
            "EnableAcceptEncodingBrotli": false,
            "EnableAcceptEncodingGzip": false,
            "HeadersConfig": {
              "HeaderBehavior": "none",
            },
            "QueryStringsConfig": {
              "QueryStringBehavior": "none",
            },
          },
        },
      },
      "Type": "AWS::CloudFront::CachePolicy",
    },
    "MyTestConstructCertificateCertificateRequestorFunctionBE59448E": {
      "DependsOn": [
        "MyTestConstructCertificateCertificateRequestorFunctionServiceRoleDefaultPolicy36F812A7",
        "MyTestConstructCertificateCertificateRequestorFunctionServiceRoleF0CE0CC7",
      ],
      "Properties": {
        "Code": {
          "S3Bucket": {
            "Fn::Sub": "cdk-hnb659fds-assets-\${AWS::AccountId}-\${AWS::Region}",
          },
          "S3Key": "861509f9607aa6bb9fd7034fb10fe6f0c60d91dfd7f010b9ef666869dec9bbd9.zip",
        },
        "Handler": "index.certificateRequestHandler",
        "Role": {
          "Fn::GetAtt": [
            "MyTestConstructCertificateCertificateRequestorFunctionServiceRoleF0CE0CC7",
            "Arn",
          ],
        },
        "Runtime": "nodejs14.x",
        "Timeout": 900,
      },
      "Type": "AWS::Lambda::Function",
    },
    "MyTestConstructCertificateCertificateRequestorFunctionServiceRoleDefaultPolicy36F812A7": {
      "Properties": {
        "PolicyDocument": {
          "Statement": [
            {
              "Action": [
                "acm:RequestCertificate",
                "acm:DescribeCertificate",
                "acm:DeleteCertificate",
                "acm:AddTagsToCertificate",
              ],
              "Effect": "Allow",
              "Resource": "*",
            },
            {
              "Action": "route53:GetChange",
              "Effect": "Allow",
              "Resource": "*",
            },
            {
              "Action": "route53:changeResourceRecordSets",
              "Condition": {
                "ForAllValues:StringEquals": {
                  "route53:ChangeResourceRecordSetsActions": [
                    "UPSERT",
                  ],
                  "route53:ChangeResourceRecordSetsRecordTypes": [
                    "CNAME",
                  ],
                },
                "ForAllValues:StringLike": {
                  "route53:ChangeResourceRecordSetsNormalizedRecordNames": [
                    "*.www.domain.tld",
                    "*.other.domain.tld",
                  ],
                },
              },
              "Effect": "Allow",
              "Resource": {
                "Fn::Join": [
                  "",
                  [
                    "arn:",
                    {
                      "Ref": "AWS::Partition",
                    },
                    ":route53:::hostedzone/",
                    {
                      "Ref": "HostedZoneDB99F866",
                    },
                  ],
                ],
              },
            },
          ],
          "Version": "2012-10-17",
        },
        "PolicyName": "MyTestConstructCertificateCertificateRequestorFunctionServiceRoleDefaultPolicy36F812A7",
        "Roles": [
          {
            "Ref": "MyTestConstructCertificateCertificateRequestorFunctionServiceRoleF0CE0CC7",
          },
        ],
      },
      "Type": "AWS::IAM::Policy",
    },
    "MyTestConstructCertificateCertificateRequestorFunctionServiceRoleF0CE0CC7": {
      "Properties": {
        "AssumeRolePolicyDocument": {
          "Statement": [
            {
              "Action": "sts:AssumeRole",
              "Effect": "Allow",
              "Principal": {
                "Service": "lambda.amazonaws.com",
              },
            },
          ],
          "Version": "2012-10-17",
        },
        "ManagedPolicyArns": [
          {
            "Fn::Join": [
              "",
              [
                "arn:",
                {
                  "Ref": "AWS::Partition",
                },
                ":iam::aws:policy/service-role/AWSLambdaBasicExecutionRole",
              ],
            ],
          },
        ],
      },
      "Type": "AWS::IAM::Role",
    },
    "MyTestConstructCertificateCertificateRequestorResource5D7905BC": {
      "DeletionPolicy": "Delete",
      "Properties": {
        "DomainName": "www.domain.tld",
        "HostedZoneId": {
          "Ref": "HostedZoneDB99F866",
        },
        "Region": "us-east-1",
        "ServiceToken": {
          "Fn::GetAtt": [
            "MyTestConstructCertificateCertificateRequestorFunctionBE59448E",
            "Arn",
          ],
        },
        "SubjectAlternativeNames": [
          "other.domain.tld",
        ],
      },
      "Type": "AWS::CloudFormation::CustomResource",
      "UpdateReplacePolicy": "Delete",
    },
    "MyTestConstructDistribution60637A64": {
      "Properties": {
        "DistributionConfig": {
          "Aliases": [
            "www.domain.tld",
            "other.domain.tld",
          ],
          "DefaultCacheBehavior": {
            "CachePolicyId": {
              "Ref": "MyTestConstructCachePolicy03369574",
            },
            "Compress": true,
            "TargetOriginId": "TestStackMyTestConstructDistributionOrigin16656F6BD",
            "ViewerProtocolPolicy": "allow-all",
          },
          "Enabled": true,
          "HttpVersion": "http2",
          "IPV6Enabled": true,
          "Origins": [
            {
              "CustomOriginConfig": {
                "OriginProtocolPolicy": "http-only",
                "OriginSSLProtocols": [
                  "TLSv1.2",
                ],
              },
              "DomainName": {
                "Fn::Select": [
                  2,
                  {
                    "Fn::Split": [
                      "/",
                      {
                        "Fn::GetAtt": [
                          "MyTestConstructBucketC00BBB11",
                          "WebsiteURL",
                        ],
                      },
                    ],
                  },
                ],
              },
              "Id": "TestStackMyTestConstructDistributionOrigin16656F6BD",
            },
          ],
          "ViewerCertificate": {
            "AcmCertificateArn": {
              "Fn::GetAtt": [
                "MyTestConstructCertificateCertificateRequestorResource5D7905BC",
                "Arn",
              ],
            },
            "MinimumProtocolVersion": "TLSv1.2_2021",
            "SslSupportMethod": "sni-only",
          },
        },
      },
      "Type": "AWS::CloudFront::Distribution",
    },
    "MyTestConstructRecordotherdomaintldF7815C85": {
      "Properties": {
        "AliasTarget": {
          "DNSName": {
            "Fn::GetAtt": [
              "MyTestConstructDistribution60637A64",
              "DomainName",
            ],
          },
          "HostedZoneId": {
            "Fn::FindInMap": [
              "AWSCloudFrontPartitionHostedZoneIdMap",
              {
                "Ref": "AWS::Partition",
              },
              "zoneId",
            ],
          },
        },
        "HostedZoneId": {
          "Ref": "HostedZoneDB99F866",
        },
        "Name": "other.domain.tld.",
        "Type": "A",
      },
      "Type": "AWS::Route53::RecordSet",
    },
    "MyTestConstructRecordwwwdomaintldA4BD1578": {
      "Properties": {
        "AliasTarget": {
          "DNSName": {
            "Fn::GetAtt": [
              "MyTestConstructDistribution60637A64",
              "DomainName",
            ],
          },
          "HostedZoneId": {
            "Fn::FindInMap": [
              "AWSCloudFrontPartitionHostedZoneIdMap",
              {
                "Ref": "AWS::Partition",
              },
              "zoneId",
            ],
          },
        },
        "HostedZoneId": {
          "Ref": "HostedZoneDB99F866",
        },
        "Name": "www.domain.tld.",
        "Type": "A",
      },
      "Type": "AWS::Route53::RecordSet",
    },
  },
  "Rules": {
    "CheckBootstrapVersion": {
      "Assertions": [
        {
          "Assert": {
            "Fn::Not": [
              {
                "Fn::Contains": [
                  [
                    "1",
                    "2",
                    "3",
                    "4",
                    "5",
                  ],
                  {
                    "Ref": "BootstrapVersion",
                  },
                ],
              },
            ],
          },
          "AssertDescription": "CDK bootstrap stack version 6 required. Please run 'cdk bootstrap' with a recent version of the CDK CLI.",
        },
      ],
    },
  },
}
`;
