// Jest Snapshot v1, https://goo.gl/fbAQLP

exports[`Domain Redirector Intended setup Has consistent snapshot 1`] = `
{
  "Mappings": {
    "AWSCloudFrontPartitionHostedZoneIdMap": {
      "aws": {
        "zoneId": "Z2FDTNDATAQYW2",
      },
      "aws-cn": {
        "zoneId": "Z3RFFRIM2A3IF5",
      },
    },
  },
  "Parameters": {
    "BootstrapVersion": {
      "Default": "/cdk-bootstrap/hnb659fds/version",
      "Description": "Version of the CDK Bootstrap resources in this environment, automatically retrieved from SSM Parameter Store. [cdk:skip]",
      "Type": "AWS::SSM::Parameter::Value<String>",
    },
  },
  "Resources": {
    "HostedZoneDB99F866": {
      "Properties": {
        "Name": "domain.tld.",
      },
      "Type": "AWS::Route53::HostedZone",
    },
    "MyTestConstructBucketC00BBB11": {
      "DeletionPolicy": "Delete",
      "Properties": {
        "BucketEncryption": {
          "ServerSideEncryptionConfiguration": [
            {
              "ServerSideEncryptionByDefault": {
                "SSEAlgorithm": "AES256",
              },
            },
          ],
        },
        "WebsiteConfiguration": {
          "RedirectAllRequestsTo": {
            "HostName": "target.tld",
            "Protocol": "https",
          },
        },
      },
      "Type": "AWS::S3::Bucket",
      "UpdateReplacePolicy": "Delete",
    },
    "MyTestConstructBucketPolicyE5FFA623": {
      "Properties": {
        "Bucket": {
          "Ref": "MyTestConstructBucketC00BBB11",
        },
        "PolicyDocument": {
          "Statement": [
            {
              "Action": "s3:GetObject",
              "Effect": "Allow",
              "Principal": {
                "AWS": "*",
              },
              "Resource": {
                "Fn::Join": [
                  "",
                  [
                    {
                      "Fn::GetAtt": [
                        "MyTestConstructBucketC00BBB11",
                        "Arn",
                      ],
                    },
                    "/*",
                  ],
                ],
              },
            },
          ],
          "Version": "2012-10-17",
        },
      },
      "Type": "AWS::S3::BucketPolicy",
    },
    "MyTestConstructCachePolicy03369574": {
      "Properties": {
        "CachePolicyConfig": {
          "DefaultTTL": 3600,
          "MaxTTL": 31536000,
          "MinTTL": 0,
          "Name": {
            "Fn::Join": [
              "",
              [
                "TestStackMyTestConstructCachePolicyD0D91B2C-",
                {
                  "Ref": "AWS::Region",
                },
              ],
            ],
          },
          "ParametersInCacheKeyAndForwardedToOrigin": {
            "CookiesConfig": {
              "CookieBehavior": "none",
            },
            "EnableAcceptEncodingBrotli": false,
            "EnableAcceptEncodingGzip": false,
            "HeadersConfig": {
              "HeaderBehavior": "none",
            },
            "QueryStringsConfig": {
              "QueryStringBehavior": "none",
            },
          },
        },
      },
      "Type": "AWS::CloudFront::CachePolicy",
    },
    "MyTestConstructCertificate41948685": {
      "Properties": {
        "DomainName": "www.domain.tld",
        "DomainValidationOptions": [
          {
            "DomainName": "www.domain.tld",
            "HostedZoneId": {
              "Ref": "HostedZoneDB99F866",
            },
          },
          {
            "DomainName": "other.domain.tld",
            "HostedZoneId": {
              "Ref": "HostedZoneDB99F866",
            },
          },
        ],
        "SubjectAlternativeNames": [
          "other.domain.tld",
        ],
        "Tags": [
          {
            "Key": "Name",
            "Value": "TestStack/MyTestConstruct/Certificate",
          },
        ],
        "ValidationMethod": "DNS",
      },
      "Type": "AWS::CertificateManager::Certificate",
    },
    "MyTestConstructDistribution60637A64": {
      "Properties": {
        "DistributionConfig": {
          "Aliases": [
            "www.domain.tld",
            "other.domain.tld",
          ],
          "DefaultCacheBehavior": {
            "CachePolicyId": {
              "Ref": "MyTestConstructCachePolicy03369574",
            },
            "Compress": true,
            "TargetOriginId": "TestStackMyTestConstructDistributionOrigin16656F6BD",
            "ViewerProtocolPolicy": "allow-all",
          },
          "Enabled": true,
          "HttpVersion": "http2",
          "IPV6Enabled": true,
          "Origins": [
            {
              "CustomOriginConfig": {
                "OriginProtocolPolicy": "http-only",
                "OriginSSLProtocols": [
                  "TLSv1.2",
                ],
              },
              "DomainName": {
                "Fn::Select": [
                  2,
                  {
                    "Fn::Split": [
                      "/",
                      {
                        "Fn::GetAtt": [
                          "MyTestConstructBucketC00BBB11",
                          "WebsiteURL",
                        ],
                      },
                    ],
                  },
                ],
              },
              "Id": "TestStackMyTestConstructDistributionOrigin16656F6BD",
            },
          ],
          "ViewerCertificate": {
            "AcmCertificateArn": {
              "Ref": "MyTestConstructCertificate41948685",
            },
            "MinimumProtocolVersion": "TLSv1.2_2021",
            "SslSupportMethod": "sni-only",
          },
        },
      },
      "Type": "AWS::CloudFront::Distribution",
    },
    "MyTestConstructRecordotherdomaintldF7815C85": {
      "Properties": {
        "AliasTarget": {
          "DNSName": {
            "Fn::GetAtt": [
              "MyTestConstructDistribution60637A64",
              "DomainName",
            ],
          },
          "HostedZoneId": {
            "Fn::FindInMap": [
              "AWSCloudFrontPartitionHostedZoneIdMap",
              {
                "Ref": "AWS::Partition",
              },
              "zoneId",
            ],
          },
        },
        "HostedZoneId": {
          "Ref": "HostedZoneDB99F866",
        },
        "Name": "other.domain.tld.",
        "Type": "A",
      },
      "Type": "AWS::Route53::RecordSet",
    },
    "MyTestConstructRecordwwwdomaintldA4BD1578": {
      "Properties": {
        "AliasTarget": {
          "DNSName": {
            "Fn::GetAtt": [
              "MyTestConstructDistribution60637A64",
              "DomainName",
            ],
          },
          "HostedZoneId": {
            "Fn::FindInMap": [
              "AWSCloudFrontPartitionHostedZoneIdMap",
              {
                "Ref": "AWS::Partition",
              },
              "zoneId",
            ],
          },
        },
        "HostedZoneId": {
          "Ref": "HostedZoneDB99F866",
        },
        "Name": "www.domain.tld.",
        "Type": "A",
      },
      "Type": "AWS::Route53::RecordSet",
    },
  },
  "Rules": {
    "CheckBootstrapVersion": {
      "Assertions": [
        {
          "Assert": {
            "Fn::Not": [
              {
                "Fn::Contains": [
                  [
                    "1",
                    "2",
                    "3",
                    "4",
                    "5",
                  ],
                  {
                    "Ref": "BootstrapVersion",
                  },
                ],
              },
            ],
          },
          "AssertDescription": "CDK bootstrap stack version 6 required. Please run 'cdk bootstrap' with a recent version of the CDK CLI.",
        },
      ],
    },
  },
}
`;
